// Jest Snapshot v1, https://goo.gl/fbAQLP

exports[`test utils.ts functions partitionChallengesBySection 1`] = `
Array [
  Object {
    "challenges": Array [
      Object {
        "id": "ny51KoEI",
        "title": "Style some text",
        "type": "markup",
        "userCanAccess": true,
      },
      Object {
        "id": "ny51KoEI",
        "title": "Style some text",
        "type": "markup",
        "userCanAccess": true,
      },
      Object {
        "id": "ny51KoEI",
        "title": "Style some text",
        "type": "markup",
        "userCanAccess": true,
      },
      Object {
        "id": "ny51KoEI",
        "title": "Style some text",
        "type": "markup",
        "userCanAccess": true,
      },
      Object {
        "id": "ny51KoEI",
        "title": "Style some text",
        "type": "markup",
        "userCanAccess": true,
      },
      Object {
        "id": "ny51KoEI",
        "title": "Style some text",
        "type": "markup",
        "userCanAccess": true,
      },
      Object {
        "id": "ny51KoEI",
        "title": "Style some text",
        "type": "markup",
        "userCanAccess": true,
      },
      Object {
        "id": "ny51KoEI",
        "title": "Style some text",
        "type": "markup",
        "userCanAccess": true,
      },
      Object {
        "id": "ny51KoEI",
        "title": "Style some text",
        "type": "markup",
        "userCanAccess": true,
      },
      Object {
        "id": "ny51KoEI",
        "title": "Style some text",
        "type": "markup",
        "userCanAccess": true,
      },
    ],
    "section": null,
  },
  Object {
    "challenges": Array [
      Object {
        "id": "ny51KoEI",
        "title": "Style some text",
        "type": "markup",
        "userCanAccess": true,
      },
      Object {
        "id": "ny51KoEI",
        "title": "Style some text",
        "type": "markup",
        "userCanAccess": true,
      },
      Object {
        "id": "ny51KoEI",
        "title": "Style some text",
        "type": "markup",
        "userCanAccess": true,
      },
      Object {
        "id": "ny51KoEI",
        "title": "Style some text",
        "type": "markup",
        "userCanAccess": true,
      },
      Object {
        "id": "ny51KoEI",
        "title": "Style some text",
        "type": "markup",
        "userCanAccess": true,
      },
      Object {
        "id": "ny51KoEI",
        "title": "Style some text",
        "type": "markup",
        "userCanAccess": true,
      },
      Object {
        "id": "ny51KoEI",
        "title": "Style some text",
        "type": "markup",
        "userCanAccess": true,
      },
      Object {
        "id": "ny51KoEI",
        "title": "Style some text",
        "type": "markup",
        "userCanAccess": true,
      },
      Object {
        "id": "ny51KoEI",
        "title": "Style some text",
        "type": "markup",
        "userCanAccess": true,
      },
      Object {
        "id": "ny51KoEI",
        "title": "Style some text",
        "type": "markup",
        "userCanAccess": true,
      },
    ],
    "section": Object {
      "id": "ny51KoEI",
      "title": "Data Structures",
      "type": "section",
      "userCanAccess": true,
    },
  },
  Object {
    "challenges": Array [
      Object {
        "id": "ny51KoEI",
        "title": "Style some text",
        "type": "markup",
        "userCanAccess": true,
      },
      Object {
        "id": "ny51KoEI",
        "title": "Style some text",
        "type": "markup",
        "userCanAccess": true,
      },
      Object {
        "id": "ny51KoEI",
        "title": "Style some text",
        "type": "markup",
        "userCanAccess": true,
      },
      Object {
        "id": "ny51KoEI",
        "title": "Style some text",
        "type": "markup",
        "userCanAccess": true,
      },
      Object {
        "id": "ny51KoEI",
        "title": "Style some text",
        "type": "markup",
        "userCanAccess": true,
      },
      Object {
        "id": "ny51KoEI",
        "title": "Style some text",
        "type": "markup",
        "userCanAccess": true,
      },
      Object {
        "id": "ny51KoEI",
        "title": "Style some text",
        "type": "markup",
        "userCanAccess": true,
      },
      Object {
        "id": "ny51KoEI",
        "title": "Style some text",
        "type": "markup",
        "userCanAccess": true,
      },
      Object {
        "id": "ny51KoEI",
        "title": "Style some text",
        "type": "markup",
        "userCanAccess": true,
      },
      Object {
        "id": "ny51KoEI",
        "title": "Style some text",
        "type": "markup",
        "userCanAccess": true,
      },
    ],
    "section": Object {
      "id": "ny51KoEI",
      "title": "Data Structures",
      "type": "section",
      "userCanAccess": true,
    },
  },
  Object {
    "challenges": Array [
      Object {
        "id": "ny51KoEI",
        "title": "Build a game",
        "type": "project",
        "userCanAccess": true,
      },
      Object {
        "id": "ny51KoEI",
        "title": "Guided build a game",
        "type": "guided-project",
        "userCanAccess": true,
      },
    ],
    "section": null,
  },
  Object {
    "challenges": Array [
      Object {
        "id": "ny51KoEI",
        "title": "Learn about TypeScript",
        "type": "special-topic",
        "userCanAccess": true,
      },
      Object {
        "id": "ny51KoEI",
        "title": "Learn about TypeScript",
        "type": "special-topic",
        "userCanAccess": true,
      },
      Object {
        "id": "ny51KoEI",
        "title": "Learn about TypeScript",
        "type": "special-topic",
        "userCanAccess": true,
      },
      Object {
        "id": "ny51KoEI",
        "title": "Learn about TypeScript",
        "type": "special-topic",
        "userCanAccess": true,
      },
      Object {
        "id": "ny51KoEI",
        "title": "Learn about TypeScript",
        "type": "special-topic",
        "userCanAccess": true,
      },
      Object {
        "id": "ny51KoEI",
        "title": "Learn about TypeScript",
        "type": "special-topic",
        "userCanAccess": true,
      },
      Object {
        "id": "ny51KoEI",
        "title": "Learn about TypeScript",
        "type": "special-topic",
        "userCanAccess": true,
      },
      Object {
        "id": "ny51KoEI",
        "title": "Learn about TypeScript",
        "type": "special-topic",
        "userCanAccess": true,
      },
      Object {
        "id": "ny51KoEI",
        "title": "Learn about TypeScript",
        "type": "special-topic",
        "userCanAccess": true,
      },
      Object {
        "id": "ny51KoEI",
        "title": "Learn about TypeScript",
        "type": "special-topic",
        "userCanAccess": true,
      },
    ],
    "section": null,
  },
]
`;
